// Jest Snapshot v1, https://goo.gl/fbAQLP

exports[`TactSourceVerifier compiles 1`] = `
{
  "compilerSettings": {
    "parameters": "{"entrypoint":"./examples/echo.tact","options":{}}",
    "tactVersion": "1.0.0-rc.8",
  },
  "error": null,
  "hash": "htGkXV77gc/Tx5Z55tyTyZT8aSpmpnpkFPZpe4lPMIQ=",
  "result": "similar",
  "sources": [
    {
      "filename": "output/verifier_Echo.code.fc",
    },
    {
      "filename": "output/verifier_Echo.abi",
    },
    {
      "filename": "output/verifier_Echo.pkg",
    },
    {
      "filename": "contract/examples/echo.tact",
    },
  ],
}
`;
